# This is not intended to be a working kustomization
apiVersion: kustomize.config.k8s.io/v1beta1
kind: Kustomization
resources:
  - unimportant.yaml
images:
  - name: container
    newName: index.repo.fake/updated # {"$imagepolicy": "automation-ns:policy:name"}
    newTag: v1.0.1 # {"$imagepolicy": "automation-ns:policy:tag"}
    newDigest: sha256:6745aaad46d795c9836632e1fb62f24b7e7f4c843144da8e47a5465c411a14be # {"$imagepolicy": "automation-ns:policy-with-digest:digest"}
# Prove fix for https://github.com/fluxcd/flux2/issues/3284
patches:
  - patch: |
      - op: replace
        path: /spec/template/spec/containers/0/volumeMounts
        value:
          - mountPath: /usr/share/wildfly/wildfly/standalone/configuration/appConfigMaps/WF
            name: wf-config
          - mountPath: /usr/share/wildfly/wildfly/standalone/configuration/appConfigMaps/xxx_config
            name: xxx-config
          - mountPath: /usr/share/wildfly/wildfly/standalone/log
            name: wildfly-standalone-log
    target:
      group: apps
      version: v1
      kind: Deployment
      name: sxxxxdadminservice
      image: image:v1.0.0@sha256:6745aaad46d795c9836632e1fb62f24b7e7f4c843144da8e47a5465c411a14be # {"$imagepolicy": "automation-ns:policy-with-digest"}
